../Core/Src/ssd1306.c:13:6:SSD1306_AssignedPin	16	static
../Core/Src/ssd1306.c:40:6:SSD1306_Write	16	static
../Core/Src/ssd1306.c:58:6:SSD1306_Init	8	static
../Core/Src/ssd1306.c:94:6:SSD1306_ScrollRight	16	static
../Core/Src/ssd1306.c:105:6:SSD1306_ScrollLeft	16	static
../Core/Src/ssd1306.c:116:6:SSD1306_Scrolldiagright	16	static
../Core/Src/ssd1306.c:131:6:SSD1306_Scrolldiagleft	16	static
../Core/Src/ssd1306.c:146:6:SSD1306_Stopscroll	8	static
../Core/Src/ssd1306.c:150:6:SSD1306_InvertDisplay	16	static
../Core/Src/ssd1306.c:157:6:SSD1306_DrawBitmap	32	static
../Core/Src/ssd1306.c:178:6:SSD1306_UpdateScreen	16	static
../Core/Src/ssd1306.c:192:6:SSD1306_ToggleInvert	16	static
../Core/Src/ssd1306.c:204:6:SSD1306_Fill	16	static
../Core/Src/ssd1306.c:209:6:SSD1306_DrawPixel	16	static
